// Jest Snapshot v1, https://goo.gl/fbAQLP

exports[`AssetList should render correctly 1`] = `
<div
  className="assets-list"
>
  <pure(withState(lifecycle(AssetItem)))
    asset={
      Object {
        "cap": 1202021,
        "history": Array [
          119,
        ],
        "price": 120,
        "title": "BTC",
      }
    }
    key="0"
  />
  <pure(withState(lifecycle(AssetItem)))
    asset={
      Object {
        "cap": 500000,
        "history": Array [
          400,
        ],
        "price": 500,
        "title": "ETH",
      }
    }
    key="1"
  />
</div>
`;
