// Jest Snapshot v1, https://goo.gl/fbAQLP

exports[`AssetItem should render correctly 1`] = `
<div
  className="assets-item"
>
  <div
    className="assets-item-title"
  >
    <AssetAvatar
      symbol="BTC"
    />
    <strong>
      BTC
    </strong>
  </div>
  <div
    className="assets-item-details"
  >
    <div
      className="assets-item-details-price"
    >
      $6,500.00
    </div>
    <div
      className="assets-item-details-cap"
    >
      $1,202,021.00
    </div>
  </div>
  <div
    className="assets-item-graph"
  >
    graph;)
  </div>
</div>
`;
