// Jest Snapshot v1, https://goo.gl/fbAQLP

exports[`AssetList should render correctly 1`] = `
<div
  className="assets-list"
>
  <AssetItem
    asset={
      Object {
        "cap": 1202021,
        "history": null,
        "index": 0,
        "price": null,
        "title": "BTC",
      }
    }
    key="0"
  />
  <AssetItem
    asset={
      Object {
        "cap": 500000,
        "history": null,
        "index": 1,
        "price": null,
        "title": "ETH",
      }
    }
    key="1"
  />
</div>
`;
