// Jest Snapshot v1, https://goo.gl/fbAQLP

exports[`PortfolioPage should redirect to invest page, if portfolios items is empty 1`] = `
<Router
  history={
    Object {
      "action": "POP",
      "block": [Function],
      "createHref": [Function],
      "go": [Function],
      "goBack": [Function],
      "goForward": [Function],
      "listen": [Function],
      "location": Object {
        "hash": "",
        "pathname": "/",
        "search": "",
      },
      "push": [Function],
      "replace": [Function],
    }
  }
>
  <PortfolioPage
    portfolios={
      Object {
        "items": Array [],
        "selected": 0,
      }
    }
  />
</Router>
`;
